#! /c/iverilog/bin/vvp
:ivl_version "0.9.7 " "(v0_9_7)";
:vpi_time_precision + 0;
:vpi_module "system";
:vpi_module "v2005_math";
:vpi_module "va_math";
S_01184118 .scope module, "calculator_tb" "calculator_tb" 2 1;
 .timescale 0 0;
v0118EE10_0 .var "a", 3 0;
v0118EE68_0 .var "b", 3 0;
v0118EEC0_0 .net "result", 4 0, v0118ED60_0; 1 drivers
v0118EF18_0 .var "sel", 1 0;
S_01181508 .scope module, "uut" "calculator" 2 7, 3 1, S_01184118;
 .timescale 0 0;
v01181590_0 .net "a", 3 0, v0118EE10_0; 1 drivers
v011815E8_0 .net "b", 3 0, v0118EE68_0; 1 drivers
v0118ED60_0 .var "result", 4 0;
v0118EDB8_0 .net "sel", 1 0, v0118EF18_0; 1 drivers
E_01184F90 .event edge, v0118EDB8_0, v01181590_0, v011815E8_0;
    .scope S_01181508;
T_0 ;
    %wait E_01184F90;
    %load/v 8, v0118EDB8_0, 2;
    %cmpi/u 8, 0, 2;
    %jmp/1 T_0.0, 6;
    %cmpi/u 8, 1, 2;
    %jmp/1 T_0.1, 6;
    %cmpi/u 8, 2, 2;
    %jmp/1 T_0.2, 6;
    %cmpi/u 8, 3, 2;
    %jmp/1 T_0.3, 6;
    %jmp T_0.4;
T_0.0 ;
    %load/v 8, v01181590_0, 4;
    %mov 12, 0, 1;
    %load/v 13, v011815E8_0, 4;
    %mov 17, 0, 1;
    %add 8, 13, 5;
    %set/v v0118ED60_0, 8, 5;
    %jmp T_0.4;
T_0.1 ;
    %load/v 8, v01181590_0, 4;
    %mov 12, 0, 1;
    %load/v 13, v011815E8_0, 4;
    %mov 17, 0, 1;
    %sub 8, 13, 5;
    %set/v v0118ED60_0, 8, 5;
    %jmp T_0.4;
T_0.2 ;
    %load/v 8, v01181590_0, 4;
    %mov 12, 0, 1;
    %load/v 13, v011815E8_0, 4;
    %mov 17, 0, 1;
    %and 8, 13, 5;
    %set/v v0118ED60_0, 8, 5;
    %jmp T_0.4;
T_0.3 ;
    %load/v 8, v01181590_0, 4;
    %mov 12, 0, 1;
    %load/v 13, v011815E8_0, 4;
    %mov 17, 0, 1;
    %or 8, 13, 5;
    %set/v v0118ED60_0, 8, 5;
    %jmp T_0.4;
T_0.4 ;
    %jmp T_0;
    .thread T_0, $push;
    .scope S_01184118;
T_1 ;
    %vpi_call 2 10 "$monitor", "a=%b b=%b sel=%b result=%b", v0118EE10_0, v0118EE68_0, v0118EF18_0, v0118EEC0_0;
    %movi 8, 5, 4;
    %set/v v0118EE10_0, 8, 4;
    %movi 8, 3, 4;
    %set/v v0118EE68_0, 8, 4;
    %set/v v0118EF18_0, 0, 2;
    %delay 10, 0;
    %movi 8, 1, 2;
    %set/v v0118EF18_0, 8, 2;
    %delay 10, 0;
    %movi 8, 2, 2;
    %set/v v0118EF18_0, 8, 2;
    %delay 10, 0;
    %set/v v0118EF18_0, 1, 2;
    %delay 10, 0;
    %vpi_call 2 18 "$finish";
    %end;
    .thread T_1;
# The file index is used to find the file name in the following table.
:file_names 4;
    "N/A";
    "<interactive>";
    "calculator_tb.v";
    "calculator.v";
