#! /c/iverilog/bin/vvp
:ivl_version "0.9.7 " "(v0_9_7)";
:vpi_time_precision - 12;
:vpi_module "system";
:vpi_module "v2005_math";
:vpi_module "va_math";
S_01288500 .scope module, "fulladder_tb" "fulladder_tb" 2 3;
 .timescale -9 -12;
v0128E938_0 .var "a", 0 0;
v0128E888_0 .var "b", 0 0;
v0128E780_0 .var "cin", 0 0;
v0128E678_0 .net "cout", 0 0, L_01289140; 1 drivers
v0128E7D8_0 .var/i "i", 31 0;
v0128E990_0 .net "total_sum", 0 0, L_01288F20; 1 drivers
S_01287950 .scope module, "uut" "full_adder" 2 7, 3 10, S_01288500;
 .timescale 0 0;
L_01283DC0 .functor XOR 1, v0128E938_0, v0128E888_0, C4<0>, C4<0>;
L_01288F20 .functor XOR 1, L_01283DC0, v0128E780_0, C4<0>, C4<0>;
L_01289000 .functor AND 1, v0128E938_0, v0128E888_0, C4<1>, C4<1>;
L_01289038 .functor XOR 1, v0128E938_0, v0128E888_0, C4<0>, C4<0>;
L_01283DF8 .functor AND 1, v0128E780_0, L_01289038, C4<1>, C4<1>;
L_01289140 .functor OR 1, L_01289000, L_01283DF8, C4<0>, C4<0>;
v012843D8_0 .net *"_s0", 0 0, L_01283DC0; 1 drivers
v01284430_0 .net *"_s4", 0 0, L_01289000; 1 drivers
v01284488_0 .net *"_s6", 0 0, L_01289038; 1 drivers
v01281678_0 .net *"_s8", 0 0, L_01283DF8; 1 drivers
v012816D0_0 .net "a", 0 0, v0128E938_0; 1 drivers
v01281728_0 .net "b", 0 0, v0128E888_0; 1 drivers
v01281780_0 .net "cin", 0 0, v0128E780_0; 1 drivers
v01283D10_0 .alias "cout", 0 0, v0128E678_0;
v01283D68_0 .alias "total_sum", 0 0, v0128E990_0;
S_01288588 .scope module, "half_adder" "half_adder" 3 1;
 .timescale 0 0;
L_0128A080 .functor XOR 1, C4<z>, C4<z>, C4<0>, C4<0>;
L_0128EDB8 .functor AND 1, C4<z>, C4<z>, C4<1>, C4<1>;
v0128E5C8_0 .net "a", 0 0, C4<z>; 0 drivers
v0128E468_0 .net "b", 0 0, C4<z>; 0 drivers
v0128E518_0 .net "carry", 0 0, L_0128EDB8; 1 drivers
v0128E6D0_0 .net "sum", 0 0, L_0128A080; 1 drivers
    .scope S_01288500;
T_0 ;
    %vpi_call 2 17 "$dumpfile", "full_adder.vcd";
    %vpi_call 2 18 "$dumpvars", 1'sb0, S_01288500;
    %vpi_call 2 20 "$display", "time | a b cin | sum cout";
    %vpi_call 2 21 "$display", "-------------------------";
    %set/v v0128E7D8_0, 0, 32;
T_0.0 ;
    %load/v 8, v0128E7D8_0, 32;
   %cmpi/s 8, 8, 32;
    %jmp/0xz T_0.1, 5;
    %load/v 8, v0128E7D8_0, 3; Only need 3 of 32 bits
; Save base=8 wid=3 in lookaside.
    %set/v v0128E780_0, 8, 1;
    %set/v v0128E888_0, 9, 1;
    %set/v v0128E938_0, 10, 1;
    %delay 10000, 0;
    %vpi_call 2 27 "$display", "%4t | %b %b  %b  |  %b    %b", $time, v0128E938_0, v0128E888_0, v0128E780_0, v0128E990_0, v0128E678_0;
    %ix/load 0, 1, 0;
    %load/vp0/s 8, v0128E7D8_0, 32;
    %set/v v0128E7D8_0, 8, 32;
    %jmp T_0.0;
T_0.1 ;
    %vpi_call 2 31 "$finish";
    %end;
    .thread T_0;
# The file index is used to find the file name in the following table.
:file_names 4;
    "N/A";
    "<interactive>";
    "fulladder_tb.v";
    "fulladder.v";
