#! /c/iverilog/bin/vvp
:ivl_version "0.9.7 " "(v0_9_7)";
:vpi_time_precision - 12;
:vpi_module "system";
:vpi_module "v2005_math";
:vpi_module "va_math";
S_01123640 .scope module, "fullsub_tb" "fullsub_tb" 2 3;
 .timescale -9 -12;
v010EE2B0_0 .var "a", 0 0;
v010EE518_0 .var "b", 0 0;
v010EE1A8_0 .var "bin", 0 0;
v010EE3B8_0 .net "bout", 0 0, L_010E83B0; 1 drivers
v010EE150_0 .net "diff", 0 0, L_010E7E30; 1 drivers
v010EDF98_0 .var/i "i", 31 0;
S_01122E48 .scope module, "uut" "full_subtractor" 2 7, 3 1, S_01123640;
 .timescale 0 0;
L_010E7D88 .functor XOR 1, v010EE2B0_0, v010EE518_0, C4<0>, C4<0>;
L_010E7E30 .functor XOR 1, L_010E7D88, v010EE1A8_0, C4<0>, C4<0>;
L_010E7F10 .functor NOT 1, v010EE2B0_0, C4<0>, C4<0>, C4<0>;
L_010E7F48 .functor AND 1, L_010E7F10, v010EE518_0, C4<1>, C4<1>;
L_010E8238 .functor XOR 1, v010EE2B0_0, v010EE518_0, C4<0>, C4<0>;
L_010E7DC0 .functor NOT 1, L_010E8238, C4<0>, C4<0>, C4<0>;
L_010E8340 .functor AND 1, v010EE1A8_0, L_010E7DC0, C4<1>, C4<1>;
L_010E83B0 .functor OR 1, L_010E7F48, L_010E8340, C4<0>, C4<0>;
v01123F38_0 .net *"_s0", 0 0, L_010E7D88; 1 drivers
v010E1688_0 .net *"_s10", 0 0, L_010E7DC0; 1 drivers
v010E16E0_0 .net *"_s12", 0 0, L_010E8340; 1 drivers
v010E1738_0 .net *"_s4", 0 0, L_010E7F10; 1 drivers
v010E3D60_0 .net *"_s6", 0 0, L_010E7F48; 1 drivers
v010E3DB8_0 .net *"_s8", 0 0, L_010E8238; 1 drivers
v010E3E10_0 .net "a", 0 0, v010EE2B0_0; 1 drivers
v010E3E68_0 .net "b", 0 0, v010EE518_0; 1 drivers
v010E7D30_0 .net "bin", 0 0, v010EE1A8_0; 1 drivers
v010EE678_0 .alias "bout", 0 0, v010EE3B8_0;
v010EE360_0 .alias "diff", 0 0, v010EE150_0;
    .scope S_01123640;
T_0 ;
    %vpi_call 2 18 "$dumpfile", "full_subtractor.vcd";
    %vpi_call 2 19 "$dumpvars", 1'sb0, S_01123640;
    %vpi_call 2 21 "$display", "time | a b bin | diff bout";
    %vpi_call 2 22 "$display", "--------------------------";
    %set/v v010EDF98_0, 0, 32;
T_0.0 ;
    %load/v 8, v010EDF98_0, 32;
   %cmpi/s 8, 8, 32;
    %jmp/0xz T_0.1, 5;
    %load/v 8, v010EDF98_0, 3; Only need 3 of 32 bits
; Save base=8 wid=3 in lookaside.
    %set/v v010EE1A8_0, 8, 1;
    %set/v v010EE518_0, 9, 1;
    %set/v v010EE2B0_0, 10, 1;
    %delay 10000, 0;
    %vpi_call 2 27 "$display", "%4t | %b %b  %b  |   %b    %b", $time, v010EE2B0_0, v010EE518_0, v010EE1A8_0, v010EE150_0, v010EE3B8_0;
    %ix/load 0, 1, 0;
    %load/vp0/s 8, v010EDF98_0, 32;
    %set/v v010EDF98_0, 8, 32;
    %jmp T_0.0;
T_0.1 ;
    %vpi_call 2 31 "$finish";
    %end;
    .thread T_0;
# The file index is used to find the file name in the following table.
:file_names 4;
    "N/A";
    "<interactive>";
    "fullsub_tb.v";
    "fullsub.v";
