#! /c/iverilog/bin/vvp
:ivl_version "0.9.7 " "(v0_9_7)";
:vpi_time_precision + 0;
:vpi_module "system";
:vpi_module "v2005_math";
:vpi_module "va_math";
S_012083F8 .scope module, "halfsub_tb" "halfsub_tb" 2 1;
 .timescale 0 0;
v01201668_0 .var "a", 0 0;
v012016C0_0 .var "b", 0 0;
v01201718_0 .net "borrow", 0 0, L_01209730; 1 drivers
v01201770_0 .net "difference", 0 0, L_01209618; 1 drivers
S_01208B88 .scope module, "uut" "half_sub" 2 5, 3 1, S_012083F8;
 .timescale 0 0;
L_01209618 .functor XOR 1, v01201668_0, v012016C0_0, C4<0>, C4<0>;
L_012096F8 .functor NOT 1, v01201668_0, C4<0>, C4<0>, C4<0>;
L_01209730 .functor AND 1, L_012096F8, v012016C0_0, C4<1>, C4<1>;
v01208C10_0 .net *"_s2", 0 0, L_012096F8; 1 drivers
v01203B18_0 .net "a", 0 0, v01201668_0; 1 drivers
v01203B70_0 .net "b", 0 0, v012016C0_0; 1 drivers
v01203BC8_0 .alias "borrow", 0 0, v01201718_0;
v01203C20_0 .alias "difference", 0 0, v01201770_0;
    .scope S_012083F8;
T_0 ;
    %vpi_call 2 8 "$dumpfile", "half_sub.vcd";
    %vpi_call 2 9 "$dumpvars", 1'sb0, S_012083F8;
    %vpi_call 2 11 "$monitor", "time=%0t a=%b b=%b | difference=%b borrow=%b", $time, v01201668_0, v012016C0_0, v01201770_0, v01201718_0;
    %set/v v01201668_0, 0, 1;
    %set/v v012016C0_0, 0, 1;
    %delay 10, 0;
    %set/v v01201668_0, 0, 1;
    %set/v v012016C0_0, 1, 1;
    %delay 10, 0;
    %set/v v01201668_0, 1, 1;
    %set/v v012016C0_0, 0, 1;
    %delay 10, 0;
    %set/v v01201668_0, 1, 1;
    %set/v v012016C0_0, 1, 1;
    %delay 10, 0;
    %vpi_call 2 19 "$finish";
    %end;
    .thread T_0;
# The file index is used to find the file name in the following table.
:file_names 4;
    "N/A";
    "<interactive>";
    "halfsub_tb.v";
    "halfsub.v";
