#! /c/iverilog/bin/vvp
:ivl_version "0.9.7 " "(v0_9_7)";
:vpi_time_precision + 0;
:vpi_module "system";
:vpi_module "v2005_math";
:vpi_module "va_math";
S_01238370 .scope module, "halfsub_tb" "halfsub_tb" 2 1;
 .timescale 0 0;
v012314E8_0 .var "a", 0 0;
v01231540_0 .var "b", 0 0;
v01231598_0 .net "borrow", 0 0, L_01239670; 1 drivers
v012315F0_0 .net "difference", 0 0, L_01238BB0; 1 drivers
S_01238AD0 .scope module, "uut" "half_sub" 2 5, 3 1, S_01238370;
 .timescale 0 0;
L_01238BB0 .functor XOR 1, v012314E8_0, v01231540_0, C4<0>, C4<0>;
L_01239638 .functor NOT 1, v012314E8_0, C4<0>, C4<0>, C4<0>;
L_01239670 .functor AND 1, L_01239638, v01231540_0, C4<1>, C4<1>;
v01238B58_0 .net *"_s2", 0 0, L_01239638; 1 drivers
v01233A48_0 .net "a", 0 0, v012314E8_0; 1 drivers
v01233AA0_0 .net "b", 0 0, v01231540_0; 1 drivers
v01233AF8_0 .alias "borrow", 0 0, v01231598_0;
v01233B50_0 .alias "difference", 0 0, v012315F0_0;
    .scope S_01238370;
T_0 ;
    %vpi_call 2 8 "$dumpfile", "half_sub.vcd";
    %vpi_call 2 9 "$dumpvars", 1'sb0, S_01238370;
    %vpi_call 2 11 "$monitor", "time=%0t a=%b b=%b | difference=%b borrow=%b", $time, v012314E8_0, v01231540_0, v012315F0_0, v01231598_0;
    %set/v v012314E8_0, 0, 1;
    %set/v v01231540_0, 0, 1;
    %delay 10, 0;
    %set/v v012314E8_0, 0, 1;
    %set/v v01231540_0, 1, 1;
    %delay 10, 0;
    %set/v v012314E8_0, 1, 1;
    %set/v v01231540_0, 0, 1;
    %delay 10, 0;
    %set/v v012314E8_0, 1, 1;
    %set/v v01231540_0, 1, 1;
    %delay 10, 0;
    %vpi_call 2 19 "$finish";
    %end;
    .thread T_0;
# The file index is used to find the file name in the following table.
:file_names 4;
    "N/A";
    "<interactive>";
    "halfsub_tb.v";
    "halfsub.v";
